[nowpay.github.io/now_pay/index.html]
[nowpay.github.io/now_pay/assets/87f5935c/jquery.min.js]
[backblue.gif]
[fade.gif]
[index.html]
[nowpay.github.io/now_pay/static/js/jquery.SuperSlide.2.1.js]
[nowpay.github.io/now_pay/index-2.html]
[nowpay.github.io/now_pay/indexe1bb.html]
[nowpay.github.io/now_pay/index2713.html]
[nowpay.github.io/now_pay/index0ccd.html]
[nowpay.github.io/now_pay/index7408.html]
[nowpay.github.io/now_pay/index5167.html]
[nowpay.github.io/now_pay/index1a25.html]
[nowpay.github.io/now_pay/indexf617.html]
[nowpay.github.io/now_pay/index3fb2.html]
[nowpay.github.io/now_pay/indexfda5.html]
[nowpay.github.io/now_pay/themes/default/images/ma.png]
[img.alicdn.com/imgextra/i4/1710112802/TB20VNygXXXXXXqXpXXXXXXXXXX_!!1710112802c877.jpg]
[www.jfpal.com/templets/jf/images/04.png]
[www.jfpal.com/templets/jf/images/20150305152448_25407.png]
[www.jfpal.com/templets/jf/images/20150609150636_50600.png]
[www.jfpal.com/templets/jf/images/20150805112425_32098.png]
[www.jfpal.com/templets/jf/images/z01.png]
[www.jfpal.com/templets/jf/images/01.png]
[www.jfpal.com/templets/jf/images/02-1.png]
[www.jfpal.com/templets/jf/images/03.png]
[www.jfpal.com/templets/jf/images/20150805112329_49408.png]
[www.jfpal.com/templets/jf/images/z03.png]
[nowpay.github.io/now_pay/themes/default/images/pro1.jpg]
[nowpay.github.io/now_pay/themes/default/images/pro2.jpg]
[nowpay.github.io/now_pay/themes/default/images/pro3.jpg]
[nowpay.github.io/now_pay/indexc5d9.html]
[nowpay.github.io/now_pay/index0e52.html]
[nowpay.github.io/now_pay/indexfaab.html]
[nowpay.github.io/now_pay/indexc526.html]
[nowpay.github.io/now_pay/index4ce1.html]
[nowpay.github.io/now_pay/indexf52f.html]
[nowpay.github.io/now_pay/index7c5a.html]
[nowpay.github.io/now_pay/indexbde8.html]
[nowpay.github.io/now_pay/indexfdc9.html]
[nowpay.github.io/now_pay/indexe789.html]
[nowpay.github.io/now_pay/index148e.html]
[nowpay.github.io/now_pay/index.html]
[nowpay.github.io/now_pay/themes/default/images/move.png]
[nowpay.github.io/now_pay/themes/default/images/slider-arrow.png]
[nowpay.github.io/now_pay/themes/default/images/logo.png]
[nowpay.github.io/now_pay/themes/default/css/images/icon.png]
[nowpay.github.io/now_pay/themes/default/images/subnav.png]
[nowpay.github.io/now_pay/themes/default/images/telephone.png]
[nowpay.github.io/now_pay/themes/default/images/email.png]
[nowpay.github.io/now_pay/themes/default/images/home.png]
[nowpay.github.io/now_pay/themes/default/images/mobile.png]
[nowpay.github.io/now_pay/themes/default/images/sdot.png]
[nowpay.github.io/now_pay/themes/default/images/btns.png]
[nowpay.github.io/now_pay/themes/default/images/loading.gif]
[nowpay.github.io/now_pay/themes/default/images/top_news_ban.jpg]
[nowpay.github.io/now_pay/themes/default/images/news_ban_about.jpg]
[nowpay.github.io/now_pay/themes/default/images/page_main_bg.jpg]
[nowpay.github.io/now_pay/themes/default/images/sdoth.png]
[nowpay.github.io/now_pay/themes/default/images/left_ser.png]
[nowpay.github.io/now_pay/themes/default/images/pt_item.png]
[nowpay.github.io/now_pay/themes/default/images/fach.gif]
[nowpay.github.io/now_pay/themes/default/images/bm_h.png]
[nowpay.github.io/now_pay/themes/default/images/white.png]
[nowpay.github.io/now_pay/themes/default/css/style.css]
[nowpay.github.io/now_pay/themes/default/images/bannerly1.jpg]
[nowpay.github.io/now_pay/themes/default/images/weixin.gif]
[nowpay.github.io/now_pay/themes/default/images/tel.gif]
[nowpay.github.io/now_pay/themes/default/css/skin.css]
[nowpay.github.io/now_pay/index-2.html]
[nowpay.github.io/now_pay/index26ec.html]
[nowpay.github.io/now_pay/uploads/201510/2a8bf60e9f67a6f4b6db1fa1feba77f4.jpg]
[nowpay.github.io/now_pay/indexe1bb.html]
[nowpay.github.io/now_pay/index2713.html]
[nowpay.github.io/now_pay/index99a9.html]
[nowpay.github.io/now_pay/index5c98.html]
[nowpay.github.io/now_pay/index0b11.html]
[nowpay.github.io/now_pay/index8a0a.html]
[nowpay.github.io/now_pay/index7594.html]
[nowpay.github.io/now_pay/index0ccd.html]
[nowpay.github.io/now_pay/index7408.html]
[www.jfpal.cn/tpl/simplebootx/Public/images/icon_tinyshop.png]
[www.jfpal.cn/tpl/simplebootx/Public/images/icon_xinyongkahuankuan.png]
[www.jfpal.cn/tpl/simplebootx/Public/images/icon_bank_card.png]
[www.jfpal.cn/tpl/simplebootx/Public/images/icon_train.png]
[www.jfpal.cn/tpl/simplebootx/Public/images/icon_lottery.png]
[www.jfpal.cn/tpl/simplebootx/Public/images/icon_zhifubaochongzhi.png]
[www.jfpal.cn/tpl/simplebootx/Public/images/icon_zhifubaodingdan.png]
[www.jfpal.cn/tpl/simplebootx/Public/images/icon_hongbao.png]
[www.jfpal.cn/tpl/simplebootx/Public/images/icon_zhuanzhang.png]
[www.jfpal.cn/tpl/simplebootx/Public/images/icon_shoujichongzhi.png]
[www.jfpal.cn/tpl/simplebootx/Public/images/forma-1.png]
[www.jfpal.cn/tpl/simplebootx/Public/images/icon_dingdingyouhui.png]
[www.jfpal.cn/tpl/simplebootx/Public/images/icon_gongjiao.png]
[www.jfpal.cn/tpl/simplebootx/Public/images/icon_jipiaoyuding.png]
[www.jfpal.cn/tpl/simplebootx/Public/images/icon_gerenhuankuan.png]
[www.jfpal.cn/tpl/simplebootx/Public/images/icon_jiudianyuding.png]
[www.jfpal.cn/tpl/simplebootx/Public/images/icon_zuche.png]
[nowpay.github.io/now_pay/index5167.html]
[www.jfpal.cn/tpl/simplebootx/Public/images/weixin4.jpg]
[nowpay.github.io/now_pay/uploads/201510/d249cd8348c6148cde115808c1580923.png]
[nowpay.github.io/now_pay/uploads/201510/ac508aa5b3364209abd21658485307dc.png]
[nowpay.github.io/now_pay/index1a25.html]
[img10.360buyimg.com/imgzone/jfs/t1657/267/630708647/51681/5dd3bc5/55ad9b5eN7ff563ef.jpg]
[img10.360buyimg.com/imgzone/jfs/t1237/246/1319123246/217747/ec8062e/559357bbN057dfb9b.jpg]
[img30.360buyimg.com/popWareDetail/jfs/t799/314/918256285/97794/b6234c5b/555c4401Ne88f19cf.jpg]
[img10.360buyimg.com/imgzone/jfs/t787/200/1280441911/204928/c85ce36d/559357bcN16776808.jpg]
[img30.360buyimg.com/popWareDetail/jfs/t898/187/936048292/107001/31d422be/555c4401Nddfffc12.jpg]
[img30.360buyimg.com/popWareDetail/jfs/t1432/329/124614741/77285/972dbb5/555c4401N7aa0d8cb.jpg]
[img30.360buyimg.com/popWareDetail/jfs/t1561/15/127840273/114834/d734a4bc/555c4402Nfe5386b6.jpg]
[img10.360buyimg.com/imgzone/jfs/t1159/237/1308905490/115113/bace0826/559357bdNaf10b99e.jpg]
[img10.360buyimg.com/imgzone/jfs/t937/252/1290419584/199374/46105e6b/559357c6Nd5955368.jpg]
[img10.360buyimg.com/imgzone/jfs/t1144/271/1115998068/290169/a82ab1ee/5577e292N044913ac.jpg]
[img30.360buyimg.com/popWareDetail/jfs/t1150/165/954472966/77567/2cd920be/555c4416Nd7d1b8a1.jpg]
[img30.360buyimg.com/popWareDetail/jfs/t1036/235/898199548/65127/cfad0f06/555c4416Nf9d5d553.jpg]
[img30.360buyimg.com/popWareDetail/jfs/t1066/55/926021799/76647/11b59e8f/555c4417N625ae441.jpg]
[img30.360buyimg.com/popWareDetail/jfs/t868/169/779420300/78782/20718784/555c4417N0badf20f.jpg]
[img30.360buyimg.com/popWareDetail/jfs/t1075/98/873788878/75634/de69549f/555c4417Nec238f57.jpg]
[img30.360buyimg.com/popWareDetail/jfs/t1006/118/930694910/88543/db2bb52e/555c4417Nba15d871.jpg]
[img10.360buyimg.com/imgzone/jfs/t1375/120/262624639/42825/9fa729c0/556d7288N25158029.jpg]
[img10.360buyimg.com/imgzone/jfs/t1354/351/272214732/126999/2df8be69/556d7288Ncfcef19f.jpg]
[img30.360buyimg.com/popWareDetail/jfs/t1171/15/923430052/71737/c5ecc4e6/555c4418N4ffb486a.jpg]
[img30.360buyimg.com/popWareDetail/jfs/t1183/104/939945809/87394/efa60e98/555d4862N1c868060.jpg]
[img30.360buyimg.com/popWareDetail/jfs/t955/21/928112425/89209/d869cead/555d4862Nf237a948.jpg]
[img30.360buyimg.com/popWareDetail/jfs/t1381/192/699942850/63146/32fa036a/55a654acN73a0d0de.jpg]
[img30.360buyimg.com/popWareDetail/jfs/t1597/88/733631885/76384/3ce34e5/55a654acNc46c1dfe.jpg]
[img30.360buyimg.com/popWareDetail/jfs/t1282/29/803514849/36639/ea97339a/55a654adN577f333a.jpg]
[img30.360buyimg.com/popWareDetail/jfs/t1303/143/790622456/91856/6ca9a88a/55a654adNc6a6877c.jpg]
[img30.360buyimg.com/popWareDetail/jfs/t1546/249/738441908/80856/db85ac27/55a654adN4d25b1b6.jpg]
[img30.360buyimg.com/popWareDetail/jfs/t1549/109/726582209/107528/15b07600/55a654aeNdfba18fe.jpg]
[img30.360buyimg.com/popWareDetail/jfs/t1609/90/729908870/67541/8278266b/55a654aeNe437154c.jpg]
[img30.360buyimg.com/popWareDetail/jfs/t1600/208/723214190/88420/9cff92bf/55a654aeN62b70ee7.jpg]
[img30.360buyimg.com/popWareDetail/jfs/t1312/185/836088340/74453/4d4a8c7e/55a654aeNf07f3353.jpg]
[img30.360buyimg.com/popWareDetail/jfs/t1498/43/674625959/60699/43c0a52e/55a654afN3782ccd7.jpg]
[img30.360buyimg.com/popWareDetail/jfs/t1570/208/747076532/54424/cf1284ba/55a654afNb42ae317.jpg]
[img30.360buyimg.com/popWareDetail/jfs/t1534/343/721796697/69345/40569ede/55a654afNd3317a02.jpg]
[img30.360buyimg.com/popWareDetail/jfs/t1276/297/1409289344/52528/960fe4c7/55a654afNaf814dfd.jpg]
[img30.360buyimg.com/popWareDetail/jfs/t1489/288/709122452/67871/78d84098/55a654b0N2bfe3b25.jpg]
[nowpay.github.io/now_pay/indexf617.html]
[nowpay.github.io/now_pay/index1474.html]
[nowpay.github.io/now_pay/index3fb2.html]
[nowpay.github.io/now_pay/themes/default/images/ma.png]
[nowpay.github.io/now_pay/assets/5f1100b9/plugins/baidumap/index0fbc.html]
[nowpay.github.io/now_pay/indexfda5.html]
[nowpay.github.io/now_pay/static/js/lightbox/js/lightbox-2.6.min.js]
[nowpay.github.io/now_pay/index3da8.html]
[nowpay.github.io/now_pay/uploads/201511/94654f2021abfddb667c6a5b5a891ee5.jpg]
[nowpay.github.io/now_pay/index9415.html]
[nowpay.github.io/now_pay/index7c00.html]
[nowpay.github.io/now_pay/indexc5d9.html]
[img.alicdn.com/imgextra/i3/1710112802/TB2ipdqhpXXXXbVXXXXXXXXXXXX_!!1710112802.png]
[img.alicdn.com/imgextra/i4/1710112802/TB2tKRkhpXXXXc_XXXXXXXXXXXX_!!1710112802.png]
[nowpay.github.io/now_pay/index88c9.html]
[nowpay.github.io/now_pay/indexe2e4.html]
[nowpay.github.io/now_pay/index0e52.html]
[www.jfpal.cn/data/upload/ueditor/20151019/56245ee247646.jpg]
[www.jfpal.cn/data/upload/ueditor/20151019/56245f1de6eeb.jpg]
[www.jfpal.cn/data/upload/ueditor/20151019/56245f3073f6b.png]
[www.jfpal.cn/data/upload/ueditor/20151019/56245f455490d.jpg]
[www.jfpal.cn/data/upload/ueditor/20151019/56245f534206f.jpg]
[nowpay.github.io/now_pay/indexca2e.html]
[nowpay.github.io/now_pay/index831b.html]
[nowpay.github.io/now_pay/index1619.html]
[nowpay.github.io/now_pay/indexfaab.html]
[img.alicdn.com/imgextra/i1/1710112802/TB2qVWxgXXXXXa.XpXXXXXXXXXX_!!1710112802.jpg]
[nowpay.github.io/now_pay/indexa8ba.html]
[nowpay.github.io/now_pay/indexc526.html]
[nowpay.github.io/now_pay/uploads/201511/30a93445ea3ccfda110a4d30c27316c5.png]
[nowpay.github.io/now_pay/index4ce1.html]
[nowpay.github.io/now_pay/index5d97.html]
[nowpay.github.io/now_pay/indexf52f.html]
[nowpay.github.io/now_pay/index9fc9.html]
[nowpay.github.io/now_pay/index7c5a.html]
[nowpay.github.io/now_pay/indexf595.html]
[nowpay.github.io/now_pay/indexbde8.html]
[n1.itc.cn/img8/wb/smccloud/recom/2015/10/20/144532901652819875.jpg]
[n1.itc.cn/img8/wb/smccloud/recom/2015/10/20/144532901677140230.jpg]
[n1.itc.cn/img8/wb/smccloud/recom/2015/10/20/144532901688862209.jpg]
[nowpay.github.io/now_pay/index5508.html]
[nowpay.github.io/now_pay/index29dd.html]
[nowpay.github.io/now_pay/indexfdc9.html]
[nowpay.github.io/now_pay/index0c31.html]
[nowpay.github.io/now_pay/indexb8ec.html]
[nowpay.github.io/now_pay/index507f.html]
[nowpay.github.io/now_pay/indexe789.html]
[nowpay.github.io/now_pay/index84a4.html]
[nowpay.github.io/now_pay/index148e.html]
[nowpay.github.io/now_pay/themes/default/css/images/icon.html]
[nowpay.github.io/now_pay/themes/default/images/loading.html]
[nowpay.github.io/now_pay/themes/default/images/fach.html]
[nowpay.github.io/now_pay/uploads/201511/479d2ff327b9954f535b1570f25a87f0.jpg]
[nowpay.github.io/now_pay/index26ec.html]
[nowpay.github.io/now_pay/assets/950c9913/pager.css]
[www.jfpal.cn/tpl/simplebootx/Public/images/zs2.jpg]
[www.jfpal.cn/tpl/simplebootx/Public/images/zs3.jpg]
[www.jfpal.cn/tpl/simplebootx/Public/images/zs4.jpg]
[www.jfpal.cn/tpl/simplebootx/Public/images/zs5.jpg]
[www.jfpal.cn/tpl/simplebootx/Public/images/zs6.jpg]
[www.jfpal.cn/tpl/simplebootx/Public/images/zs7.jpg]
[nowpay.github.io/now_pay/index99a9.html]
[nowpay.github.io/now_pay/uploads/201510/caa8b1a3776480eca532072981fc4384.jpg]
[nowpay.github.io/now_pay/indexb1c5.html]
[nowpay.github.io/now_pay/indexd0b2.html]
[nowpay.github.io/now_pay/index5c98.html]
[nowpay.github.io/now_pay/uploads/201510/f06c4f562fab7afcc11487fc6c128cb1.jpg]
[nowpay.github.io/now_pay/index0b11.html]
[nowpay.github.io/now_pay/index8a0a.html]
[nowpay.github.io/now_pay/index7594.html]
[nowpay.github.io/now_pay/index1474.html]
[nowpay.github.io/now_pay/assets/5f1100b9/plugins/baidumap/index0fbc.html]
[nowpay.github.io/now_pay/static/js/lightbox/img/close.png]
[nowpay.github.io/now_pay/static/js/lightbox/img/loading.gif]
[nowpay.github.io/now_pay/static/js/lightbox/img/prev.png]
[nowpay.github.io/now_pay/static/js/lightbox/img/next.png]
[nowpay.github.io/now_pay/static/js/lightbox/css/lightbox.css]
[nowpay.github.io/now_pay/index3da8.html]
[nowpay.github.io/now_pay/index9415.html]
[nowpay.github.io/now_pay/index7c00.html]
[nowpay.github.io/now_pay/index88c9.html]
[nowpay.github.io/now_pay/indexe2e4.html]
[nowpay.github.io/now_pay/indexca2e.html]
[nowpay.github.io/now_pay/index831b.html]
[nowpay.github.io/now_pay/index1619.html]
[nowpay.github.io/now_pay/indexa8ba.html]
[nowpay.github.io/now_pay/index5d97.html]
[nowpay.github.io/now_pay/index9fc9.html]
[nowpay.github.io/now_pay/indexf595.html]
[nowpay.github.io/now_pay/index5508.html]
[nowpay.github.io/now_pay/index29dd.html]
[nowpay.github.io/now_pay/index0c31.html]
[nowpay.github.io/now_pay/indexb8ec.html]
[nowpay.github.io/now_pay/index507f.html]
[nowpay.github.io/now_pay/index84a4.html]
[nowpay.github.io/now_pay/indexb1c5.html]
[nowpay.github.io/now_pay/indexd0b2.html]
